
Let's solve some reversing CTFs from Kernel2015

Reversing 0x1

marcos@marcos ~/Reversing/kernel2015 $ ./ch_05
 ----------- [./ch_05] ----------- 
 :: Uso: ./ch_05 <password>

We need the secret password! Let's see if it is inside the binary.

marcos@marcos ~/Reversing/kernel2015 $ strings ch_05 
/lib64/ld-linux-x86-64.so.2
libcrypto.so.1.0.0
_ITM_deregisterTMCloneTable
__gmon_start__
_Jv_RegisterClasses
_ITM_registerTMCloneTable
SHA256_Init
SHA256_Update
SHA256_Final
libc.so.6
sprintf
strncmp
puts
strlen
__libc_start_main
OPENSSL_1.0.0
GLIBC_2.2.5
	u)H
fffff.
l$ L
t$(L
|$0H
%02x
Correcto! flag: %s
Nooooooo...... :(
pnyibpnoeba
Jajajajajajja que n00b es el %s 
Invalid state, 
chycrvebf
 ----------- [%s] ----------- 
 :: Uso: %s <password>
;*3$"
GCC: (Debian 4.7.2-5) 4.7.2
GCC: (Debian 4.4.7-2) 4.4.7
.symtab
.strtab
.shstrtab
.interp
.note.ABI-tag
.note.gnu.build-id
.gnu.hash
.dynsym
.dynstr
.gnu.version
.gnu.version_r
.rela.dyn
.rela.plt
.init
.text
.fini
.rodata
.eh_frame_hdr
.eh_frame
.init_array
.fini_array
.jcr
.dynamic
.got
.got.plt
.data
.bss
.comment
call_gmon_start
crtstuff.c
__JCR_LIST__
deregister_tm_clones
register_tm_clones
__do_global_dtors_aux
completed.6092
__do_global_dtors_aux_fini_array_entry
frame_dummy
__frame_dummy_init_array_entry
challenge_05.c
buffer
__FRAME_END__
__JCR_END__
_GLOBAL_OFFSET_TABLE_
__init_array_end
__init_array_start
_DYNAMIC
data_start
printf@@GLIBC_2.2.5
__comprueba_pwd
imprime_titulo
__libc_csu_fini
_start
__rot18_char
__gmon_start__
_Jv_RegisterClasses
puts@@GLIBC_2.2.5
_fini
strncmp@@GLIBC_2.2.5
__libc_start_main@@GLIBC_2.2.5
_ITM_deregisterTMCloneTable
_IO_stdin_used
__fl4g
strlen@@GLIBC_2.2.5
_ITM_registerTMCloneTable
__data_start
sprintf@@GLIBC_2.2.5
__TMC_END__
__dso_handle
__libc_csu_init
SHA256_Update@@OPENSSL_1.0.0
__bss_start
SHA256_Final@@OPENSSL_1.0.0
_end
SHA256_Init@@OPENSSL_1.0.0
_edata
main
_init
__rot18

There are some weird looking strings...oh it says __rot18!

marcos@marcos ~/Reversing/kernel2015 $ strings ch_05 | tr 'a-zA-Z' 'n-za-mN-ZA-M'
/yvo64/yq-yvahk-k86-64.fb.2
yvopelcgb.fb.1.0.0
_VGZ_qrertvfgreGZPybarGnoyr
__tzba_fgneg__
_Wi_ErtvfgrePynffrf
_VGZ_ertvfgreGZPybarGnoyr
FUN256_Vavg
FUN256_Hcqngr
FUN256_Svany
yvop.fb.6
fcevags
fgeapzc
chgf
fgeyra
__yvop_fgneg_znva
BCRAFFY_1.0.0
TYVOP_2.2.5
	h)U
sssss.
y$ Y
g$(Y
|$0U
%02k
Pbeerpgb! synt: %f
Abbbbbbb...... :(
calvocabron
Wnwnwnwnwnwwn dhr a00o rf ry %f 
Vainyvq fgngr, 
pulpeiros
 ----------- [%f] ----------- 
 :: Hfb: %f <cnffjbeq>
;*3$"
TPP: (Qrovna 4.7.2-5) 4.7.2
TPP: (Qrovna 4.4.7-2) 4.4.7
.flzgno
.fgegno
.fufgegno
.vagrec
.abgr.NOV-gnt
.abgr.tah.ohvyq-vq
.tah.unfu
.qlaflz
.qlafge
.tah.irefvba
.tah.irefvba_e
.eryn.qla
.eryn.cyg
.vavg
.grkg
.svav
.ebqngn
.ru_senzr_uqe
.ru_senzr
.vavg_neenl
.svav_neenl
.wpe
.qlanzvp
.tbg
.tbg.cyg
.qngn
.off
.pbzzrag
pnyy_tzba_fgneg
pegfghss.p
__WPE_YVFG__
qrertvfgre_gz_pybarf
ertvfgre_gz_pybarf
__qb_tybony_qgbef_nhk
pbzcyrgrq.6092
__qb_tybony_qgbef_nhk_svav_neenl_ragel
senzr_qhzzl
__senzr_qhzzl_vavg_neenl_ragel
punyyratr_05.p
ohssre
__SENZR_RAQ__
__WPE_RAQ__
_TYBONY_BSSFRG_GNOYR_
__vavg_neenl_raq
__vavg_neenl_fgneg
_QLANZVP
qngn_fgneg
cevags@@TYVOP_2.2.5
__pbzcehron_cjq
vzcevzr_gvghyb
__yvop_pfh_svav
_fgneg
__ebg18_pune
__tzba_fgneg__
_Wi_ErtvfgrePynffrf
chgf@@TYVOP_2.2.5
_svav
fgeapzc@@TYVOP_2.2.5
__yvop_fgneg_znva@@TYVOP_2.2.5
_VGZ_qrertvfgreGZPybarGnoyr
_VB_fgqva_hfrq
__sy4t
fgeyra@@TYVOP_2.2.5
_VGZ_ertvfgreGZPybarGnoyr
__qngn_fgneg
fcevags@@TYVOP_2.2.5
__GZP_RAQ__
__qfb_unaqyr
__yvop_pfh_vavg
FUN256_Hcqngr@@BCRAFFY_1.0.0
__off_fgneg
FUN256_Svany@@BCRAFFY_1.0.0
_raq
FUN256_Vavg@@BCRAFFY_1.0.0
_rqngn
znva
_vavg
__ebg18

Now, we have two good loking strings.

calvocabron
pulpeiros

Let's check.

marcos@marcos ~/Reversing/kernel2015 $ ./ch_05 calvocabron
Jajajajajajja que n00b es el calvocabron 
Invalid state, Nooooooo...... :(

Outch! As a bald man I feel bad about this...it must be the other 
string then

marcos@marcos ~/Reversing/kernel2015 $ ./ch_05 pulpeiros
Correcto! flag: 0e47608838cfd2d4147b285b08cb530c30ac934ee6ed471af5035ada0747b0a2

Yep!

Reversing 0x2

We need the password to pass this level.

marcos@marcos ~/Reversing/kernel2015 $ ./ch_03
 ----------- [./ch_03] ----------- 
 :: Uso: ./ch_03 <password>

marcos@marcos ~/Reversing/kernel2015 $ r2 ch_03 
 -- I thought we were friends. :_
[0x004007f0]> aaa
[0x004007f0]> pdf@main
/ (fcn) sym.main 356
|           ; arg int arg_0_2      @ rbp+0x2
|           ; var int local_0_1    @ rbp-0x1
|           ; var int local_1      @ rbp-0x8
|           ; var int local_4      @ rbp-0x20
|           ; var int local_5      @ rbp-0x28
|           ; DATA XREF from 0x0040080d (sym.main)
|           ;-- main:
|           0x004009c2    55             push rbp
|           0x004009c3    4889e5         mov rbp, rsp
|           0x004009c6    4883ec30       sub rsp, 0x30
|           0x004009ca    897dec         mov dword [rbp - 0x14], edi
|           0x004009cd    488975e0       mov qword [rbp-local_4], rsi
|           0x004009d1    b900000000     mov ecx, 0
|           0x004009d6    ba01000000     mov edx, 1
|           0x004009db    be00000000     mov esi, 0
|           0x004009e0    bf00000000     mov edi, 0
|           0x004009e5    b800000000     mov eax, 0
|           0x004009ea    e8b1fdffff     call sym.imp.ptrace           ;sym.imp.ptrace()
|           0x004009ef    4883f8ff       cmp rax, -1
|       ,=< 0x004009f3    7514           jne 0x400a09                 
|       |   0x004009f5    bf180c4000     mov edi, str.Jajajjajajjajajajjajajaj_..... ; "Jajajjajajjajajajjajajaj ..... " @ 0x400c18
|       |   0x004009fa    e841fdffff     call sym.imp.puts             ;sym.imp.puts()
|       |   0x004009ff    b801000000     mov eax, 1
|      ,==< 0x00400a04    e91b010000     jmp 0x400b24                 
|      ||   ; JMP XREF from 0x004009f3 (sym.main)
|      |`-> 0x00400a09    837dec02       cmp dword [rbp - 0x14], 2     ; [0x2:4]=0x102464c 
|     ,===< 0x00400a0d    7419           je 0x400a28                  
|     ||    0x00400a0f    488b45e0       mov rax, qword [rbp-local_4]
|     ||    0x00400a13    488b00         mov rax, qword [rax]
|     ||    0x00400a16    4889c7         mov rdi, rax
|     ||    0x00400a19    e808010000     call sym.imprime_titulo       ;sym.imprime_titulo()
|     ||    0x00400a1e    b8ffffffff     mov eax, 0xffffffff           ; -1 ; -1
|    ,====< 0x00400a23    e9fc000000     jmp 0x400b24                 
|    ||     ; JMP XREF from 0x00400a0d (sym.main)
|    |`---> 0x00400a28    bf1c000000     mov edi, 0x1c
|    | |    0x00400a2d    e82efdffff     call sym.imp.malloc           ;sym.imp.malloc()
|    | |    0x00400a32    488945f8       mov qword [rbp-local_1], rax
|    | |    0x00400a36    488b45e0       mov rax, qword [rbp-local_4]
|    | |    0x00400a3a    4883c008       add rax, 8
|    | |    0x00400a3e    488b08         mov rcx, qword [rax]
|    | |    0x00400a41    488b45f8       mov rax, qword [rbp-local_1]
|    | |    0x00400a45    ba11000000     mov edx, 0x11
|    | |    0x00400a4a    4889ce         mov rsi, rcx
|    | |    0x00400a4d    4889c7         mov rdi, rax
|    | |    0x00400a50    e87bfdffff     call sym.imp.strncpy          ;sym.imp.strncpy()
|    | |    0x00400a55    488b45e0       mov rax, qword [rbp-local_4]
|    | |    0x00400a59    4883c008       add rax, 8
|    | |    0x00400a5d    488b00         mov rax, qword [rax]
|    | |    0x00400a60    4889c7         mov rdi, rax
|    | |    0x00400a63    e818fdffff     call sym.imp.strlen           ;sym.imp.strlen()
|    | |    0x00400a68    4883f811       cmp rax, 0x11
|   ,=====< 0x00400a6c    0f85a3000000   jne 0x400b15                 
|   || |    0x00400a72    488b45f8       mov rax, qword [rbp-local_1]
|   || |    0x00400a76    48c745d8ffff.  mov qword [rbp-local_5], -1
|   || |    0x00400a7e    4889c2         mov rdx, rax
|   || |    0x00400a81    b800000000     mov eax, 0
|   || |    0x00400a86    488b4dd8       mov rcx, qword [rbp-local_5]
|   || |    0x00400a8a    4889d7         mov rdi, rdx
|   || |    0x00400a8d    f2ae           repne scasb al, byte [rdi]
|   || |    0x00400a8f    4889c8         mov rax, rcx
|   || |    0x00400a92    48f7d0         not rax
|   || |    0x00400a95    488d50ff       lea rdx, [rax - 1]
|   || |    0x00400a99    488b45f8       mov rax, qword [rbp-local_1]
|   || |    0x00400a9d    4801d0         add rax, rdx
|   || |    0x00400aa0    c7006c333337   mov dword [rax], 0x3733336c   ; [0x3733336c:4]=-1
|   || |    0x00400aa6    c7400464336d.  mov dword [rax + 4], 0x306d3364 ; [0x306d3364:4]=-1
|   || |    0x00400aad    66c740086434   mov word [rax + 8], 0x3464    ; [0x3464:2]=0xffff 
|   || |    0x00400ab3    c6400a00       mov byte [rax + 0xa], 0
|   || |    0x00400ab7    488b45f8       mov rax, qword [rbp-local_1]
|   || |    0x00400abb    ba1b000000     mov edx, 0x1b
|   || |    0x00400ac0    4889c6         mov rsi, rax
|   || |    0x00400ac3    bf380c4000     mov edi, str.cl4v35up3rd1f1c1ll337d3m0d4 ; "cl4v35up3rd1f1c1ll337d3m0d4" @ 0x400c38
|   || |    0x00400ac8    e883fcffff     call sym.imp.strncmp          ;sym.imp.strncmp()
|   || |    0x00400acd    85c0           test eax, eax
|  ,======< 0x00400acf    7533           jne 0x400b04                 
|  ||| |    0x00400ad1    488b45e0       mov rax, qword [rbp-local_4]
|  ||| |    0x00400ad5    4883c008       add rax, 8
|  ||| |    0x00400ad9    488b00         mov rax, qword [rax]
|  ||| |    0x00400adc    bec0126000     mov esi, obj.buffer           ; " 4.4.7-2) 4.4.7" @ 0x6012c0
|  ||| |    0x00400ae1    4889c7         mov rdi, rax
|  ||| |    0x00400ae4    e813feffff     call sym.__fl4g               ;sym.__fl4g()
|  ||| |    0x00400ae9    bec0126000     mov esi, obj.buffer           ; " 4.4.7-2) 4.4.7" @ 0x6012c0
|  ||| |    0x00400aee    bf580c4000     mov edi, str.Correcto__flag:__s_nLo_del_pulpo_era_trolleo_xD_n ; "Correcto! flag: %s.Lo del pulpo era trolleo xD." @ 0x400c58
|  ||| |    0x00400af3    b800000000     mov eax, 0
|  ||| |    0x00400af8    e833fcffff     call sym.imp.printf           ;sym.imp.printf()
|  ||| |    0x00400afd    b801000000     mov eax, 1
| ,=======< 0x00400b02    eb20           jmp 0x400b24                 
| ||        ; JMP XREF from 0x00400acf (sym.main)
| |`------> 0x00400b04    bf880c4000     mov edi, str.Si_me_das_la_clave_te_invito_a_pulpo._8_____________D___ ; "Si me das la clave te invito a pulpo. 8=============D~~~" @ 0x400c88
| | || |    0x00400b09    e832fcffff     call sym.imp.puts             ;sym.imp.puts()
| | || |    0x00400b0e    b800000000     mov eax, 0
| ========< 0x00400b13    eb0f           jmp 0x400b24                 
| | |       ; JMP XREF from 0x00400a6c (sym.main)
| | `-----> 0x00400b15    bf880c4000     mov edi, str.Si_me_das_la_clave_te_invito_a_pulpo._8_____________D___ ; "Si me das la clave te invito a pulpo. 8=============D~~~" @ 0x400c88
| |  | |    0x00400b1a    e821fcffff     call sym.imp.puts             ;sym.imp.puts()
| |  | |    0x00400b1f    b800000000     mov eax, 0
| |  | |    ; JMP XREF from 0x00400b13 (sym.main)
| |  | |    ; JMP XREF from 0x00400b02 (sym.main)
| |  | |    ; JMP XREF from 0x00400a23 (sym.main)
| |  | |    ; JMP XREF from 0x00400a04 (sym.main)
| `--`-`--> 0x00400b24    c9             leave
\           0x00400b25    c3             ret

For starters, [rbp - 0x14] is argc and [rbp-local_4] is argv.

|           0x004009ca    897dec         mov dword [rbp - 0x14], edi
|           0x004009cd    488975e0       mov qword [rbp-local_4], rsi    

There is a call to malloc, the pointer is saved in [rbp-local_1]. The 
buffer is 0x1c bytes long.

|    |`---> 0x00400a28    bf1c000000     mov edi, 0x1c
|    | |    0x00400a2d    e82efdffff     call sym.imp.malloc           ;sym.imp.malloc()
|    | |    0x00400a32    488945f8       mov qword [rbp-local_1], rax

It dumps our string inside the buffer.

|    | |    0x00400a36    488b45e0       mov rax, qword [rbp-local_4]
|    | |    0x00400a3a    4883c008       add rax, 8
|    | |    0x00400a3e    488b08         mov rcx, qword [rax]
|    | |    0x00400a41    488b45f8       mov rax, qword [rbp-local_1]
|    | |    0x00400a45    ba11000000     mov edx, 0x11
|    | |    0x00400a4a    4889ce         mov rsi, rcx
|    | |    0x00400a4d    4889c7         mov rdi, rax
|    | |    0x00400a50    e87bfdffff     call sym.imp.strncpy          ;sym.imp.strncpy()

It also checks that our string has 17 (0x11) characters.

|    | |    0x00400a55    488b45e0       mov rax, qword [rbp-local_4]
|    | |    0x00400a59    4883c008       add rax, 8
|    | |    0x00400a5d    488b00         mov rax, qword [rax]
|    | |    0x00400a60    4889c7         mov rdi, rax
|    | |    0x00400a63    e818fdffff     call sym.imp.strlen           ;sym.imp.strlen()
|    | |    0x00400a68    4883f811       cmp rax, 0x11
|   ,=====< 0x00400a6c    0f85a3000000   jne 0x400b15

Then, it makes something with the pointer to the buffer.

|   || |    0x00400a72    488b45f8       mov rax, qword [rbp-local_1]
|   || |    0x00400a76    48c745d8ffff.  mov qword [rbp-local_5], -1
|   || |    0x00400a7e    4889c2         mov rdx, rax
|   || |    0x00400a81    b800000000     mov eax, 0
|   || |    0x00400a86    488b4dd8       mov rcx, qword [rbp-local_5]
|   || |    0x00400a8a    4889d7         mov rdi, rdx
|   || |    0x00400a8d    f2ae           repne scasb al, byte [rdi]
|   || |    0x00400a8f    4889c8         mov rax, rcx
|   || |    0x00400a92    48f7d0         not rax
|   || |    0x00400a95    488d50ff       lea rdx, [rax - 1]
|   || |    0x00400a99    488b45f8       mov rax, qword [rbp-local_1]
|   || |    0x00400a9d    4801d0         add rax, rdx

I want to use gdb to compare the value of rax after...

|   || |    0x00400a72    488b45f8       mov rax, qword [rbp-local_1]

with its value after...

|   || |    0x00400a9d    4801d0         add rax, rdx

to get an idea of what it is happening here.

The program has a protection against debuggers but we can beat it using
radare.

|           0x004009ea    e8b1fdffff     call sym.imp.ptrace           ;sym.imp.ptrace()
|           0x004009ef    4883f8ff       cmp rax, -1
|       ,=< 0x004009f3    7514           jne 0x400a09                 
|       |   0x004009f5    bf180c4000     mov edi, str.Jajajjajajjajajajjajajaj_..... ; "Jajajjajajjajajajjajajaj ..... " @ 0x400c18
|       |   0x004009fa    e841fdffff     call sym.imp.puts             ;sym.imp.puts()
|       |   0x004009ff    b801000000     mov eax, 1
|      ,==< 0x00400a04    e91b010000     jmp 0x400b24 

marcos@marcos ~/Reversing/kernel2015 $ r2 -w ch_03 
 -- I love gradients.
[0x004007f0]> aaa
[0x004007f0]> s 0x004009ef
[0x004009ef]> pd 5
|           0x004009ef    4883f8ff       cmp rax, -1
|       ,=< 0x004009f3    7514           jne 0x400a09                 
|       |   0x004009f5    bf180c4000     mov edi, str.Jajajjajajjajajajjajajaj_..... ; "Jajajjajajjajajajjajajaj ..... " @ 0x400c18
|       |   0x004009fa    e841fdffff     call sym.imp.puts             ;sym.imp.puts()
|       |   0x004009ff    b801000000     mov eax, 1

[0x004009ef]> wx 4883f800
[0x004009ef]> pd 5
|           0x004009ef    4883f800       cmp rax, 0
|       ,=< 0x004009f3    7514           jne 0x400a09                 
|       |   0x004009f5    bf180c4000     mov edi, str.Jajajjajajjajajajjajajaj_..... ; "Jajajjajajjajajajjajajaj ..... " @ 0x400c18
|       |   0x004009fa    e841fdffff     call sym.imp.puts             ;sym.imp.puts()
|       |   0x004009ff    b801000000     mov eax, 1

We changed the meaning of the comparison and now the program runs fine
inside a debugger.

marcos@marcos ~/Reversing/kernel2015 $ gdb ch_03

(gdb) b * 0x00400a76
Breakpoint 1 at 0x400a76

(gdb) b * 0x00400aa0
Breakpoint 2 at 0x400aa0

(gdb) run aaaaaaaaaaaaaaaaa
Starting program: /home/marcos/Reversing/kernel2015/ch_03 aaaaaaaaaaaaaaaaa

Breakpoint 1, 0x0000000000400a76 in main ()

(gdb) print/a $rax
$1 = 0x602010

(gdb) continue
Continuing.

Breakpoint 2, 0x0000000000400aa0 in main ()
(gdb) print/a $rax
$2 = 0x602021

(gdb) p $2 - $1
$3 = 17

So it seems that rax points to the end of our string (remember that
the length is 17)

 
|   || |    0x00400ab3    c6400a00       mov byte [rax + 0xa], 0
|   || |    0x00400ab7    488b45f8       mov rax, qword [rbp-local_1]
|   || |    0x00400abb    ba1b000000     mov edx, 0x1b

So, the program is putting at the end of our string these bytes:

|   || |    0x00400aa0    c7006c333337   mov dword [rax], 0x3733336c   ; [0x3733336c:4]=-1
|   || |    0x00400aa6    c7400464336d.  mov dword [rax + 4], 0x306d3364 ; [0x306d3364:4]=-1
|   || |    0x00400aad    66c740086434   mov word [rax + 8], 0x3464    ; [0x3464:2]=0xffff

And then it makes a comparison between our string and 
cl4v35up3rd1f1c1ll337d3m0d4

|   || |    0x00400ac0    4889c6         mov rsi, rax
|   || |    0x00400ac3    bf380c4000     mov edi, str.cl4v35up3rd1f1c1ll337d3m0d4 ; "cl4v35up3rd1f1c1ll337d3m0d4" @ 0x400c38
|   || |    0x00400ac8    e883fcffff     call sym.imp.strncmp          ;sym.imp.strncmp()

It is not a coincidence then that what it is putting at the end of our string is
0x3733336c = l337
0x306d3364 = d3m0
0x3464 = d4

So the key is cl4v35up3rd1f1c1l

marcos@marcos ~/Reversing/kernel2015 $ ./ch_03 cl4v35up3rd1f1c1l
Correcto! flag: af8abb2339773998e77b9886caa6d1f01f46d98ef32c1849f5a46144280db489
Lo del pulpo era trolleo xD

Reversing 0x3

marcos@marcos ~/Reversing/kernel2015 $ ./ch_01 dsdasdas
No es la clave correcta, pulpeiro :(

We need to guess the right key in order to solve this level. Let's look
into the binary.

marcos@marcos ~/Reversing/kernel2015 $ r2 ch_01 
 -- Switch between print modes using the 'p' and 'P' keys in visual mode
[0x00400710]> aaa
[0x00400710]> pdf@main 
/ (fcn) sym.main 142
|           ; arg int arg_0_2      @ rbp+0x2
|           ; var int local_0_1    @ rbp-0x1
|           ; var int local_2      @ rbp-0x10
|           ; DATA XREF from 0x0040072d (sym.main)
|           ;-- main:
|           0x004008e2    55             push rbp
|           0x004008e3    4889e5         mov rbp, rsp
|           0x004008e6    4883ec10       sub rsp, 0x10
|           0x004008ea    897dfc         mov dword [rbp - 4], edi
|           0x004008ed    488975f0       mov qword [rbp-local_2], rsi
|           0x004008f1    837dfc02       cmp dword [rbp - 4], 2        ; [0x2:4]=0x102464c 
|       ,=< 0x004008f5    7416           je 0x40090d                  
|       |   0x004008f7    488b45f0       mov rax, qword [rbp-local_2]
|       |   0x004008fb    488b00         mov rax, qword [rax]
|       |   0x004008fe    4889c7         mov rdi, rax
|       |   0x00400901    e833010000     call sym.__imprime_titulo     ;sym.__imprime_titulo()
|       |   0x00400906    b8ffffffff     mov eax, 0xffffffff           ; -1 ; -1
|      ,==< 0x0040090b    eb61           jmp 0x40096e                 
|      ||   ; JMP XREF from 0x004008f5 (sym.main)
|      |`-> 0x0040090d    488b45f0       mov rax, qword [rbp-local_2]
|      |    0x00400911    4883c008       add rax, 8
|      |    0x00400915    488b00         mov rax, qword [rax]
|      |    0x00400918    4889c7         mov rdi, rax
|      |    0x0040091b    e850000000     call sym.__comprueba_pwd      ;sym.__comprueba_pwd()
|      |    0x00400920    85c0           test eax, eax
|     ,===< 0x00400922    743b           je 0x40095f                  
|     ||    0x00400924    488b45f0       mov rax, qword [rbp-local_2]
|     ||    0x00400928    4883c008       add rax, 8
|     ||    0x0040092c    488b00         mov rax, qword [rax]
|     ||    0x0040092f    be380b4000     mov esi, str.f4b4d4f4b4d4f4b4d4f4b4d4f4b4d4f4b4d4f4b4d4f4b4d4 ; "f4b4d4f4b4d4f4b4d4f4b4d4f4b4d4f4b4d4f4b4d4f4b4d4" @ 0x400b38
|     ||    0x00400934    4889c7         mov rdi, rax
|     ||    0x00400937    e875000000     call sym.__obf                ;sym.__obf()
|     ||    0x0040093c    bea0126000     mov esi, obj.buffer           ; " (Debian 4.4.7-2) 4.4.7" @ 0x6012a0
|     ||    0x00400941    4889c7         mov rdi, rax
|     ||    0x00400944    e8d3feffff     call sym.__fl4g               ;sym.__fl4g()
|     ||    0x00400949    bea0126000     mov esi, obj.buffer           ; " (Debian 4.4.7-2) 4.4.7" @ 0x6012a0
|     ||    0x0040094e    bf6a0b4000     mov edi, str.Correcto__flag:__s_n ; "Correcto! flag: %s." @ 0x400b6a
|     ||    0x00400953    b800000000     mov eax, 0
|     ||    0x00400958    e823fdffff     call sym.imp.printf           ;sym.imp.printf()
|    ,====< 0x0040095d    eb0a           jmp 0x400969                 
|    ||     ; JMP XREF from 0x00400922 (sym.main)
|    |`---> 0x0040095f    bf800b4000     mov edi, str.No_es_la_clave_correcta__pulpeiro_:_ ; "No es la clave correcta, pulpeiro :(" @ 0x400b80
|    | |    0x00400964    e827fdffff     call sym.imp.puts             ;sym.imp.puts()
|    |      ; JMP XREF from 0x0040095d (sym.main)
|    `----> 0x00400969    b800000000     mov eax, 0
|      |    ; JMP XREF from 0x0040090b (sym.main)
|      `--> 0x0040096e    c9             leave
\           0x0040096f    c3             ret

The program calls comprueba_pwd with a pointer
toward our key as an argument. When comprueba_pwd returns, the program
checks its value to see if the key is correct or not.

|      |`-> 0x0040090d    488b45f0       mov rax, qword [rbp-local_2]
|      |    0x00400911    4883c008       add rax, 8
|      |    0x00400915    488b00         mov rax, qword [rax]
|      |    0x00400918    4889c7         mov rdi, rax
|      |    0x0040091b    e850000000     call sym.__comprueba_pwd      ;sym.__comprueba_pwd()
|      |    0x00400920    85c0           test eax, eax
|     ,===< 0x00400922    743b           je 0x40095f


[0x00400810]> pdf@sym.__comprueba_pwd
/ (fcn) sym.__comprueba_pwd 65
|           ; var int local_0_1    @ rbp-0x1
|           ; var int local_1      @ rbp-0x8
|           ; CALL XREF from 0x0040091b (sym.__comprueba_pwd)
|           0x00400970    55             push rbp
|           0x00400971    4889e5         mov rbp, rsp
|           0x00400974    4883ec10       sub rsp, 0x10
|           0x00400978    48897df8       mov qword [rbp-local_1], rdi
|           0x0040097c    488b45f8       mov rax, qword [rbp-local_1]
|           0x00400980    be380b4000     mov esi, str.f4b4d4f4b4d4f4b4d4f4b4d4f4b4d4f4b4d4f4b4d4f4b4d4 ; "f4b4d4f4b4d4f4b4d4f4b4d4f4b4d4f4b4d4f4b4d4f4b4d4" @ 0x400b38
|           0x00400985    4889c7         mov rdi, rax
|           0x00400988    e824000000     call sym.__obf                ;sym.__obf()
|           0x0040098d    ba0c000000     mov edx, 0xc
|           0x00400992    4889c6         mov rsi, rax
|           0x00400995    bfa50b4000     mov edi, 0x400ba5
|           0x0040099a    e801fdffff     call sym.imp.strncmp          ;sym.imp.strncmp()
|           0x0040099f    85c0           test eax, eax
|       ,=< 0x004009a1    7507           jne 0x4009aa                 
|       |   0x004009a3    b801000000     mov eax, 1
|       |   0x004009a8    eb05           jmp 0x4009af                 
|       |   ; JMP XREF from 0x004009a1 (sym.__comprueba_pwd)
|       `-> 0x004009aa    b800000000     mov eax, 0
|           ; JMP XREF from 0x004009a8 (sym.__comprueba_pwd)
|           0x004009af    c9             leave
\           0x004009b0    c3             ret

There's a call to __obf with our command line argument and this 
weird string: f4b4d4f4b4d4f4b4d4f4b4d4f4b4d4f4b4d4f4b4d4f4b4d4  

Then the program makes a comparison calling to strncmp, strncmp gets 3 
arguments, one is the number of bytes to compare, in this case 0xc 
and the other two are string pointers.

|           0x0040098d    ba0c000000     mov edx, 0xc
|           0x00400992    4889c6         mov rsi, rax
|           0x00400995    bfa50b4000     mov edi, 0x400ba5
|           0x0040099a    e801fdffff     call sym.imp.strncmp          ;sym.imp.strncmp()

So it appears whatever __obf returns must be equal to what it is inside
0x400ba5.

Leet's see what we find in __obf.

[0x00400810]> pdf@sym.__obf
/ (fcn) sym.__obf 136
|           ; var int local_0_1    @ rbp-0x1
|           ; var int local_2_4    @ rbp-0x14
|           ; var int local_5      @ rbp-0x28
|           ; var int local_6      @ rbp-0x30
|           ; CALL XREF from 0x00400937 (sym.__obf)
|           ; CALL XREF from 0x00400988 (sym.__obf)
|           0x004009b1    55             push rbp
|           0x004009b2    4889e5         mov rbp, rsp
|           0x004009b5    53             push rbx
|           0x004009b6    4883ec28       sub rsp, 0x28
|           0x004009ba    48897dd8       mov qword [rbp-local_5], rdi
|           0x004009be    488975d0       mov qword [rbp-local_6], rsi
|           0x004009c2    c745ec000000.  mov dword [rbp-local_2_4], 0
|       ,=< 0x004009c9    eb49           jmp 0x400a14                 
|           ; JMP XREF from 0x00400a29 (sym.__obf)
|     .---> 0x004009cb    8b45ec         mov eax, dword [rbp-local_2_4]
|     | |   0x004009ce    4863d0         movsxd rdx, eax
|     | |   0x004009d1    488b45d0       mov rax, qword [rbp-local_6]
|     | |   0x004009d5    4801d0         add rax, rdx
|     | |   0x004009d8    0fb600         movzx eax, byte [rax]
|     | |   0x004009db    84c0           test al, al
|     |,==< 0x004009dd    744e           je 0x400a2d                  
|     |||   0x004009df    8b45ec         mov eax, dword [rbp-local_2_4]
|     |||   0x004009e2    4863d0         movsxd rdx, eax
|     |||   0x004009e5    488b45d8       mov rax, qword [rbp-local_5]
|     |||   0x004009e9    4801c2         add rdx, rax
|     |||   0x004009ec    8b45ec         mov eax, dword [rbp-local_2_4]
|     |||   0x004009ef    4863c8         movsxd rcx, eax
|     |||   0x004009f2    488b45d8       mov rax, qword [rbp-local_5]
|     |||   0x004009f6    4801c8         add rax, rcx
|     |||   0x004009f9    0fb608         movzx ecx, byte [rax]
|     |||   0x004009fc    8b45ec         mov eax, dword [rbp-local_2_4]
|     |||   0x004009ff    4863f0         movsxd rsi, eax
|     |||   0x00400a02    488b45d0       mov rax, qword [rbp-local_6]
|     |||   0x00400a06    4801f0         add rax, rsi
|     |||   0x00400a09    0fb600         movzx eax, byte [rax]
|     |||   0x00400a0c    31c8           xor eax, ecx
|     |||   0x00400a0e    8802           mov byte [rdx], al
|     |||   0x00400a10    8345ec01       add dword [rbp-local_2_4], 1
|     |||   ; JMP XREF from 0x004009c9 (sym.__obf)
|     ||`-> 0x00400a14    8b45ec         mov eax, dword [rbp-local_2_4]
|     ||    0x00400a17    4863d8         movsxd rbx, eax
|     ||    0x00400a1a    488b45d8       mov rax, qword [rbp-local_5]
|     ||    0x00400a1e    4889c7         mov rdi, rax
|     ||    0x00400a21    e89afcffff     call sym.imp.strlen           ;sym.imp.strlen()
|     ||    0x00400a26    4839c3         cmp rbx, rax
|     `===< 0x00400a29    72a0           jb 0x4009cb                  
|    ,====< 0x00400a2b    eb01           jmp 0x400a2e                 
|    | |    ; JMP XREF from 0x004009dd (sym.__obf)
|    | `--> 0x00400a2d    90             nop
|    |      ; JMP XREF from 0x00400a2b (sym.__obf)
|    `----> 0x00400a2e    488b45d8       mov rax, qword [rbp-local_5]
|           0x00400a32    4883c428       add rsp, 0x28
|           0x00400a36    5b             pop rbx
|           0x00400a37    5d             pop rbp
\           0x00400a38    c3             ret
[0x00400810]>

First, notice that [rbp-local_2_4] starts as 0.

|           0x004009c2    c745ec000000.  mov dword [rbp-local_2_4], 0

At some point we see this:

|     |||   0x00400a10    8345ec01       add dword [rbp-local_2_4], 1

So [rbp-local_2_4] is bound to be an index.

Now we see some pointer arithmetic.

|     |||   0x004009df    8b45ec         mov eax, dword [rbp-local_2_4]
|     |||   0x004009e2    4863d0         movsxd rdx, eax
|     |||   0x004009e5    488b45d8       mov rax, qword [rbp-local_5]
|     |||   0x004009e9    4801c2         add rdx, rax

At this point rdx is a pointer toward some position in the string 
that starts at [rbp-local_5]. rdx = [rbp-local_5] + [rbp-local_2_4]

Here the program stores a byte from one of the strings in ecx.

|     |||   0x004009ec    8b45ec         mov eax, dword [rbp-local_2_4]
|     |||   0x004009ef    4863c8         movsxd rcx, eax
|     |||   0x004009f2    488b45d8       mov rax, qword [rbp-local_5]
|     |||   0x004009f6    4801c8         add rax, rcx
|     |||   0x004009f9    0fb608         movzx ecx, byte [rax]

Now it does the same but in the other string. It saves the byte in eax. 

|     |||   0x004009fc    8b45ec         mov eax, dword [rbp-local_2_4]
|     |||   0x004009ff    4863f0         movsxd rsi, eax
|     |||   0x00400a02    488b45d0       mov rax, qword [rbp-local_6]
|     |||   0x00400a06    4801f0         add rax, rsi
|     |||   0x00400a09    0fb600         movzx eax, byte [rax]

Now it performs a XOR between those bytes and stores the result back in
[rdx].

|     |||   0x00400a0c    31c8           xor eax, ecx
|     |||   0x00400a0e    8802           mov byte [rdx], al

So, it seems like the program performs a XOR between what we feed the 
program with and f4b4d4f4b4d4f4b4d4f4b4d4f4b4d4f4b4d4f4b4d4f4b4d4 and 
the result must be equal to what it is stored at 0x400ba5 (0xc 
characters, remember the call to strcmp).

Leet's look what it is inside 0x400ba5 with gdb

marcos@marcos ~/Reversing/kernel2015 $ gdb ./ch_01 

(gdb) b * 0x0040099a
Breakpoint 1 at 0x40099a

(gdb) run aaaaaaaaaaaaaaaaaaaaaaaaaaaaaaa
Starting program: /home/marcos/Reversing/kernel2015/ch_01 aaaaaaaaaaaaaaaaaaaaaaaaaaaaaaa

Breakpoint 1, 0x000000000040099a in __comprueba_pwd ()

(gdb) x/12xb 0x400ba5
0x400ba5:	0x16	0x41	0x0e	0x44	0x0b	0x59	0x13	0x53
0x400bad:	0x03	0x46	0x56	0x00

our_key XOR f4b4d4 == 0x16, ..., 0x56, 0x00

Thanks to the XOR properties we know that:

0x16, ..., 0x56, 0x00 XOR f4b4d4 == our_key

    [0x16, 0x41, 0x0e, 0x44, 0x0b, 0x59, 0x13, 0x53, 0x03, 0x46, 0x56, 0x00]
XOR
    [0x66, 0x34, 0x62, 0x34, 0x64, 0x34, 0x66, 0x34, 0x62, 0x34, 0x64, 0x34]
-------------------------------------------------------------------------------
    [0x70, 0x75, 0x6c, 0x70, 0x6f, 0x6d, 0x75, 0x67, 0x61, 0x72, 0x32, 0x34]

0x70 -> p
0x75 -> u
0x6c -> l
...
...
0x34 -> 4

They key is pulpomugar24.

marcos@marcos ~/Reversing/kernel2015 $ ./ch_01 pulpomugar24
Correcto! flag: 7bc82722d4083cc5bb1c70975d4f6dfa7124a2bb7187d8faecf7d404ee681e63

Reversing 0x4

Hint: Â¿Do you know how to sum numbers? This octopus needs a serial 
number.

This is what happens when we execute it.

marcos@marcos ~/Reversing/kernel2015 $ ./serial 
 ----------- [./serial] ----------- 
 :: Uso: ./serial <serial>

marcos@marcos ~/Reversing/kernel2015 $ ./serial dkjasldaslkdsalkdas
Comprobando serial: dkjasldaslkdsalkdas
El serial key no parece correcto
- Checksum enviado: 0x7cf
- Checksum serial: 0x984

It seems like in order to pass this level, sent checksum (in this 
case 0x7cf) must be equal to 0x984. It's reasonable to think that 
the value 0x7cf comes from summing up the ascii codes from the 
command line string.

marcos@marcos ~/Reversing/kernel2015 $ python
Python 2.7.6 (default, Jun 22 2015, 17:58:13) 
[GCC 4.8.2] on linux2
Type "help", "copyright", "credits" or "license" for more information.
>>> hex(sum(ord(c) for c in 'dkjasldaslkdsalkdas'))
'0x7cf'

Now, we will take a look inside the binary with radare2.

marcos@marcos ~/Reversing/kernel2015 $ r2 serial 
 -- Rename a function using the 'afr <newname> @ <offset>' command.
[0x004006c0]> aaa
[0x004006c0]> pdf@main
/ (fcn) sym.main 64
|           ; arg int arg_0_2      @ rbp+0x2
|           ; var int local_0_1    @ rbp-0x1
|           ; var int local_2      @ rbp-0x10
|           ; DATA XREF from 0x004006dd (sym.main)
|           ;-- main:
|           0x004009c5    55             push rbp
|           0x004009c6    4889e5         mov rbp, rsp
|           0x004009c9    4883ec10       sub rsp, 0x10
|           0x004009cd    897dfc         mov dword [rbp - 4], edi
|           0x004009d0    488975f0       mov qword [rbp-local_2], rsi
|           0x004009d4    837dfc02       cmp dword [rbp - 4], 2        ; [0x2:4]=0x102464c 
|       ,=< 0x004009d8    7416           je 0x4009f0                  
|       |   0x004009da    488b45f0       mov rax, qword [rbp-local_2]
|       |   0x004009de    488b00         mov rax, qword [rax]
|       |   0x004009e1    4889c7         mov rdi, rax
|       |   0x004009e4    e81c000000     call sym.imprime_titulo       ;sym.imprime_titulo()
|       |   0x004009e9    b8ffffffff     mov eax, 0xffffffff           ; -1 ; -1
|      ,==< 0x004009ee    eb13           jmp 0x400a03                 
|      ||   ; JMP XREF from 0x004009d8 (sym.main)
|      |`-> 0x004009f0    488b45f0       mov rax, qword [rbp-local_2]
|      |    0x004009f4    4883c008       add rax, 8
|      |    0x004009f8    488b00         mov rax, qword [rax]
|      |    0x004009fb    4889c7         mov rdi, rax
|      |    0x004009fe    e830ffffff     call sym.__comprueba_serial   ;sym.__comprueba_serial()
|      |    ; JMP XREF from 0x004009ee (sym.main)
|      `--> 0x00400a03    c9             leave
\           0x00400a04    c3             ret

Not much to see, it checks if it is getting one command line 
argument (plus the name of the program) and then calls 
sym.__comprueba_serial().

[0x004006c0]> pdf@sym.__comprueba_serial
/ (fcn) sym.__comprueba_serial 146
|           ; var int local_0_1    @ rbp-0x1
|           ; var int local_1      @ rbp-0x8
|           ; CALL XREF from 0x004009fe (sym.__comprueba_serial)
|           0x00400933    55             push rbp
|           0x00400934    4889e5         mov rbp, rsp
|           0x00400937    4883ec10       sub rsp, 0x10
|           0x0040093b    48897df8       mov qword [rbp-local_1], rdi
|           0x0040093f    488b45f8       mov rax, qword [rbp-local_1]
|           0x00400943    4889c6         mov rsi, rax
|           0x00400946    bff50a4000     mov edi, str.Comprobando_serial:__s_n ; "Comprobando serial: %s." @ 0x400af5
|           0x0040094b    b800000000     mov eax, 0
|           0x00400950    e8ebfcffff     call sym.imp.printf           ;sym.imp.printf()
|           0x00400955    bf40420f00     mov edi, 0xf4240
|           0x0040095a    b800000000     mov eax, 0
|           0x0040095f    e81cfdffff     call sym.imp.usleep           ;sym.imp.usleep()
|           0x00400964    488b45f8       mov rax, qword [rbp-local_1]
|           0x00400968    4889c7         mov rdi, rax
|           0x0040096b    e822ffffff     call sym.comprueba_longitud   ;sym.comprueba_longitud()
|           0x00400970    85c0           test eax, eax
|       ,=< 0x00400972    742d           je 0x4009a1                  
|       |   0x00400974    488b45f8       mov rax, qword [rbp-local_1]
|       |   0x00400978    4889c7         mov rdi, rax
|       |   0x0040097b    e876ffffff     call sym.checksum             ;sym.checksum()
|       |   0x00400980    85c0           test eax, eax
|      ,==< 0x00400982    741d           je 0x4009a1                  
|      ||   0x00400984    488b45f8       mov rax, qword [rbp-local_1]
|      ||   0x00400988    4889c6         mov rsi, rax
|      ||   0x0040098b    bf100b4000     mov edi, str.Correcto__Para_obtener_tu_flag__visita:_https:__ctf.allyouneedisblog.com_crcheck.php_c__s_n ; "Correcto! Para obtener tu flag, visita: https://ctf.allyouneedisblog.com/crcheck.php?c=%s." @ 0x400b10
|      ||   0x00400990    b800000000     mov eax, 0
|      ||   0x00400995    e8a6fcffff     call sym.imp.printf           ;sym.imp.printf()
|      ||   0x0040099a    b801000000     mov eax, 1
|     ,===< 0x0040099f    eb22           jmp 0x4009c3                 
|     |||   ; JMP XREF from 0x00400972 (sym.__comprueba_serial)
|     |||   ; JMP XREF from 0x00400982 (sym.__comprueba_serial)
|     |``-> 0x004009a1    488b45f8       mov rax, qword [rbp-local_1]
|     |     0x004009a5    4889c7         mov rdi, rax
|     |     0x004009a8    e816ffffff     call sym.print_checksum       ;sym.print_checksum()
|     |     0x004009ad    89c6           mov esi, eax
|     |     0x004009af    bf700b4000     mov edi, str.El_serial_key_no_parece_correcto_n__Checksum_enviado:_0x_03x_n__Checksum_serial:_0x984_n ; "El serial key no parece correcto.- Checksum enviado: 0x%03x.- Checksum serial: 0x984." @ 0x400b70
|     |     0x004009b4    b800000000     mov eax, 0
|     |     0x004009b9    e882fcffff     call sym.imp.printf           ;sym.imp.printf()
|     |     0x004009be    b800000000     mov eax, 0
|     |     ; JMP XREF from 0x0040099f (sym.__comprueba_serial)
|     `---> 0x004009c3    c9             leave
\       |   0x004009c4    c3             ret
[0x004006c0]>


There is a call to sym.comprueba_longitud() 

|           0x0040096b    e822ffffff     call sym.comprueba_longitud   ;sym.comprueba_longitud()
|           0x00400970    85c0           test eax, eax
|       ,=< 0x00400972    742d           je 0x4009a1

If that function returns 0 inside the eax register the programs jumps 
to 0x4009a1. Just ahead 0x4009a1 we see how the program prints that the 
serial is not correct, so we need to know what happens inside 
sym.comprueba_longitud() in order to get something different from 0.

[0x004006c0]> pdf@sym.comprueba_longitud
/ (fcn) sym.comprueba_longitud 49
|           ; arg int arg_4        @ rbp+0x20
|           ; var int local_0_1    @ rbp-0x1
|           ; var int local_3      @ rbp-0x18
|           ; CALL XREF from 0x0040096b (sym.comprueba_longitud)
|           0x00400892    55             push rbp
|           0x00400893    4889e5         mov rbp, rsp
|           0x00400896    48897de8       mov qword [rbp-local_3], rdi
|           0x0040089a    c745fc000000.  mov dword [rbp - 4], 0
|       ,=< 0x004008a1    eb09           jmp 0x4008ac                 
|           ; JMP XREF from 0x004008b5 (sym.comprueba_longitud)
|      .--> 0x004008a3    488345e801     add qword [rbp-local_3], 1
|      ||   0x004008a8    8345fc01       add dword [rbp - 4], 1
|      ||   ; JMP XREF from 0x004008a1 (sym.comprueba_longitud)
|      |`-> 0x004008ac    488b45e8       mov rax, qword [rbp-local_3]
|      |    0x004008b0    0fb600         movzx eax, byte [rax]
|      |    0x004008b3    84c0           test al, al
|      `==< 0x004008b5    75ec           jne 0x4008a3                 
|           0x004008b7    837dfc20       cmp dword [rbp - 4], 0x20     ; [0x20:4]=64 ; "@" 0x00000020 
|           0x004008bb    0f94c0         sete al
|           0x004008be    0fb6c0         movzx eax, al
|           0x004008c1    5d             pop rbp
\           0x004008c2    c3             ret

This functions gets a pointer toward our string in rdi and it 
saves the pointer in the stack [rbp-local3].

|           0x00400896    48897de8       mov qword [rbp-local_3], rdi

Then makes an unconditional jump and takes the first byte from our 
string.

|      |`-> 0x004008ac    488b45e8       mov rax, qword [rbp-local_3]
|      |    0x004008b0    0fb600         movzx eax, byte [rax]

and tests if that byte is 0, if not, the program jumps back, but if it 
is 0 it compares the value in [rbp - 4] with 0x20

|      |    0x004008b3    84c0           test al, al
|      `==< 0x004008b5    75ec           jne 0x4008a3 
|           0x004008b7    837dfc20       cmp dword [rbp - 4], 0x20     ; [0x20:4]=64 ; "@" 0x00000020

Each time it jumps back the program adds 1 to [rbp - 4] (initially [rbp 
- 4] contains a 0) and to [rbp - local_3].

Remember that [rbp - local3] is a pointer, so each time it adds one to 
it the pointer moves to the next memory position.

The process is repeated until there is a 0 in [rbp-local3], so 
basically it is counting how many characters the string has and then 
comparing the length of the string with 0x20.

If the length is equal to 0x20, eax is set to 1

|           0x004008b7    837dfc20       cmp dword [rbp - 4], 0x20     ; [0x20:4]=64 ; "@" 0x00000020 
|           0x004008bb    0f94c0         sete al
|           0x004008be    0fb6c0         movzx eax, al

So, we know that the input must be a 0x20 (32) length string and its 
sum must be 0x984.

32 is the length of md4 and md5 has functions, so lets try to hash the 
binary:

marcos@marcos ~/Reversing/kernel2015 $ rahash2 -a md5,md4 serial 
serial: 0x00000000-0x00002615 md5: 42a81e98db85690fae17d88056b84c19
serial: 0x00000000-0x00002615 md4: f2fcc9db1b147197d1d2b94dd46e05e6

marcos@marcos ~/Reversing/kernel2015 $ ./serial 42a81e98db85690fae17d88056b84c19
Comprobando serial: 42a81e98db85690fae17d88056b84c19
El serial key no parece correcto
- Checksum enviado: 0x876
- Checksum serial: 0x984

marcos@marcos ~/Reversing/kernel2015 $ ./serial f2fcc9db1b147197d1d2b94dd46e05e6
Comprobando serial: f2fcc9db1b147197d1d2b94dd46e05e6
El serial key no parece correcto
- Checksum enviado: 0x924
- Checksum serial: 0x984

Neither of them work but 0x924 is pretty close to 0x984.

0x984 - 0x924 = 96

We take one character from the md4, like 2

2 --> ascii code 50

50 + 96 / 2 --> 98 ('b')

So if we replace two '2' in the md4 for b the sum must be 0x984

marcos@marcos ~/Reversing/kernel2015 $ ./serial fbfcc9db1b147197d1dbb94dd46e05e6
Comprobando serial: fbfcc9db1b147197d1dbb94dd46e05e6
Correcto! Para obtener tu flag, visita: https://ctf.allyouneedisblog.com/crcheck.php?c=fbfcc9db1b147197d1dbb94dd46e05e6

it worked!

